QuestaSim vlog 10.6c Compiler 2017.07 Jul 25 2017
Start time: 16:12:44 on Feb 03,2026
vlog -sv "+acc" "+cover" "+fcover" -l top.log top.sv 
-- Compiling module dma_design
** Note: (vlog-2286) top.sv(4): Using implicit +incdir+/tools/mentor/questasim_10.6c/questasim/uvm-1.1d/../verilog_src/uvm-1.1d/src from import uvm_pkg
-- Compiling package top_sv_unit
-- Importing package mtiUvm.uvm_pkg (uvm-1.1d Built-in)
-- Importing package ral_pkg
-- Compiling package ral_pkg
** Warning: top_reg_block.sv(28): (vlog-2240) Treating stand-alone use of function 'set_coverage' as an implicit VOID cast.
** Warning: top_reg_block.sv(33): (vlog-2240) Treating stand-alone use of function 'set_coverage' as an implicit VOID cast.
** Warning: top_reg_block.sv(38): (vlog-2240) Treating stand-alone use of function 'set_coverage' as an implicit VOID cast.
** Warning: top_reg_block.sv(43): (vlog-2240) Treating stand-alone use of function 'set_coverage' as an implicit VOID cast.
** Warning: top_reg_block.sv(48): (vlog-2240) Treating stand-alone use of function 'set_coverage' as an implicit VOID cast.
** Warning: top_reg_block.sv(53): (vlog-2240) Treating stand-alone use of function 'set_coverage' as an implicit VOID cast.
** Warning: top_reg_block.sv(58): (vlog-2240) Treating stand-alone use of function 'set_coverage' as an implicit VOID cast.
** Warning: top_reg_block.sv(63): (vlog-2240) Treating stand-alone use of function 'set_coverage' as an implicit VOID cast.
** Warning: top_reg_block.sv(68): (vlog-2240) Treating stand-alone use of function 'set_coverage' as an implicit VOID cast.
** Warning: top_reg_block.sv(73): (vlog-2240) Treating stand-alone use of function 'set_coverage' as an implicit VOID cast.
-- Compiling interface intf
-- Compiling module tb_top

Top level modules:
	tb_top
End time: 16:12:45 on Feb 03,2026, Elapsed time: 0:00:01
Errors: 0, Warnings: 10
